###############################################################################
#
# IAR ELF Linker V7.30.3.8024/W32 for ARM                 24/Apr/2015  13:35:19
# Copyright 2007-2014 IAR Systems AB.
#
#    Output file  =  
#        K:\项目跟踪\梦想之花\PROGRAM\uCOSII-2.9\IAR\APP\Flash\Exe\OS.out
#    Map file     =  
#        K:\项目跟踪\梦想之花\PROGRAM\uCOSII-2.9\IAR\APP\Flash\List\OS.map
#    Command line =  
#        K:\项目跟踪\梦想之花\PROGRAM\uCOSII-2.9\IAR\APP\Flash\Obj\app.o
#        K:\项目跟踪\梦想之花\PROGRAM\uCOSII-2.9\IAR\APP\Flash\Obj\app_hooks.o
#        K:\项目跟踪\梦想之花\PROGRAM\uCOSII-2.9\IAR\APP\Flash\Obj\app_vect.o
#        K:\项目跟踪\梦想之花\PROGRAM\uCOSII-2.9\IAR\APP\Flash\Obj\assert_failed.o
#        K:\项目跟踪\梦想之花\PROGRAM\uCOSII-2.9\IAR\APP\Flash\Obj\bsp.o
#        K:\项目跟踪\梦想之花\PROGRAM\uCOSII-2.9\IAR\APP\Flash\Obj\bsp_exit.o
#        K:\项目跟踪\梦想之花\PROGRAM\uCOSII-2.9\IAR\APP\Flash\Obj\bsp_i2c.o
#        K:\项目跟踪\梦想之花\PROGRAM\uCOSII-2.9\IAR\APP\Flash\Obj\bsp_int.o
#        K:\项目跟踪\梦想之花\PROGRAM\uCOSII-2.9\IAR\APP\Flash\Obj\bsp_os.o
#        K:\项目跟踪\梦想之花\PROGRAM\uCOSII-2.9\IAR\APP\Flash\Obj\bsp_periph.o
#        K:\项目跟踪\梦想之花\PROGRAM\uCOSII-2.9\IAR\APP\Flash\Obj\bsp_ser.o
#        K:\项目跟踪\梦想之花\PROGRAM\uCOSII-2.9\IAR\APP\Flash\Obj\bsp_stlm75.o
#        K:\项目跟踪\梦想之花\PROGRAM\uCOSII-2.9\IAR\APP\Flash\Obj\cortexm3_macro.o
#        K:\项目跟踪\梦想之花\PROGRAM\uCOSII-2.9\IAR\APP\Flash\Obj\cpu_a.o
#        K:\项目跟踪\梦想之花\PROGRAM\uCOSII-2.9\IAR\APP\Flash\Obj\cpu_c.o
#        K:\项目跟踪\梦想之花\PROGRAM\uCOSII-2.9\IAR\APP\Flash\Obj\cpu_core.o
#        K:\项目跟踪\梦想之花\PROGRAM\uCOSII-2.9\IAR\APP\Flash\Obj\lib_ascii.o
#        K:\项目跟踪\梦想之花\PROGRAM\uCOSII-2.9\IAR\APP\Flash\Obj\lib_math.o
#        K:\项目跟踪\梦想之花\PROGRAM\uCOSII-2.9\IAR\APP\Flash\Obj\lib_mem.o
#        K:\项目跟踪\梦想之花\PROGRAM\uCOSII-2.9\IAR\APP\Flash\Obj\lib_mem_a.o
#        K:\项目跟踪\梦想之花\PROGRAM\uCOSII-2.9\IAR\APP\Flash\Obj\lib_str.o
#        K:\项目跟踪\梦想之花\PROGRAM\uCOSII-2.9\IAR\APP\Flash\Obj\MyTask.o
#        K:\项目跟踪\梦想之花\PROGRAM\uCOSII-2.9\IAR\APP\Flash\Obj\os_core.o
#        K:\项目跟踪\梦想之花\PROGRAM\uCOSII-2.9\IAR\APP\Flash\Obj\os_cpu_a.o
#        K:\项目跟踪\梦想之花\PROGRAM\uCOSII-2.9\IAR\APP\Flash\Obj\os_cpu_c.o
#        K:\项目跟踪\梦想之花\PROGRAM\uCOSII-2.9\IAR\APP\Flash\Obj\os_dbg.o
#        K:\项目跟踪\梦想之花\PROGRAM\uCOSII-2.9\IAR\APP\Flash\Obj\os_flag.o
#        K:\项目跟踪\梦想之花\PROGRAM\uCOSII-2.9\IAR\APP\Flash\Obj\os_mbox.o
#        K:\项目跟踪\梦想之花\PROGRAM\uCOSII-2.9\IAR\APP\Flash\Obj\os_mem.o
#        K:\项目跟踪\梦想之花\PROGRAM\uCOSII-2.9\IAR\APP\Flash\Obj\os_mutex.o
#        K:\项目跟踪\梦想之花\PROGRAM\uCOSII-2.9\IAR\APP\Flash\Obj\os_q.o
#        K:\项目跟踪\梦想之花\PROGRAM\uCOSII-2.9\IAR\APP\Flash\Obj\os_sem.o
#        K:\项目跟踪\梦想之花\PROGRAM\uCOSII-2.9\IAR\APP\Flash\Obj\os_task.o
#        K:\项目跟踪\梦想之花\PROGRAM\uCOSII-2.9\IAR\APP\Flash\Obj\os_time.o
#        K:\项目跟踪\梦想之花\PROGRAM\uCOSII-2.9\IAR\APP\Flash\Obj\os_tmr.o
#        K:\项目跟踪\梦想之花\PROGRAM\uCOSII-2.9\IAR\APP\Flash\Obj\stm32f10x.o
#        K:\项目跟踪\梦想之花\PROGRAM\uCOSII-2.9\IAR\APP\Flash\Obj\stm32f10x_adc.o
#        K:\项目跟踪\梦想之花\PROGRAM\uCOSII-2.9\IAR\APP\Flash\Obj\stm32f10x_bkp.o
#        K:\项目跟踪\梦想之花\PROGRAM\uCOSII-2.9\IAR\APP\Flash\Obj\stm32f10x_can.o
#        K:\项目跟踪\梦想之花\PROGRAM\uCOSII-2.9\IAR\APP\Flash\Obj\stm32f10x_crc.o
#        K:\项目跟踪\梦想之花\PROGRAM\uCOSII-2.9\IAR\APP\Flash\Obj\stm32f10x_dac.o
#        K:\项目跟踪\梦想之花\PROGRAM\uCOSII-2.9\IAR\APP\Flash\Obj\stm32f10x_dbgmcu.o
#        K:\项目跟踪\梦想之花\PROGRAM\uCOSII-2.9\IAR\APP\Flash\Obj\stm32f10x_dma.o
#        K:\项目跟踪\梦想之花\PROGRAM\uCOSII-2.9\IAR\APP\Flash\Obj\stm32f10x_exti.o
#        K:\项目跟踪\梦想之花\PROGRAM\uCOSII-2.9\IAR\APP\Flash\Obj\stm32f10x_flash.o
#        K:\项目跟踪\梦想之花\PROGRAM\uCOSII-2.9\IAR\APP\Flash\Obj\stm32f10x_fsmc.o
#        K:\项目跟踪\梦想之花\PROGRAM\uCOSII-2.9\IAR\APP\Flash\Obj\stm32f10x_gpio.o
#        K:\项目跟踪\梦想之花\PROGRAM\uCOSII-2.9\IAR\APP\Flash\Obj\stm32f10x_i2c.o
#        K:\项目跟踪\梦想之花\PROGRAM\uCOSII-2.9\IAR\APP\Flash\Obj\stm32f10x_iwdg.o
#        K:\项目跟踪\梦想之花\PROGRAM\uCOSII-2.9\IAR\APP\Flash\Obj\stm32f10x_lib.o
#        K:\项目跟踪\梦想之花\PROGRAM\uCOSII-2.9\IAR\APP\Flash\Obj\stm32f10x_nvic.o
#        K:\项目跟踪\梦想之花\PROGRAM\uCOSII-2.9\IAR\APP\Flash\Obj\stm32f10x_pwr.o
#        K:\项目跟踪\梦想之花\PROGRAM\uCOSII-2.9\IAR\APP\Flash\Obj\stm32f10x_rcc.o
#        K:\项目跟踪\梦想之花\PROGRAM\uCOSII-2.9\IAR\APP\Flash\Obj\stm32f10x_rtc.o
#        K:\项目跟踪\梦想之花\PROGRAM\uCOSII-2.9\IAR\APP\Flash\Obj\stm32f10x_sdio.o
#        K:\项目跟踪\梦想之花\PROGRAM\uCOSII-2.9\IAR\APP\Flash\Obj\stm32f10x_spi.o
#        K:\项目跟踪\梦想之花\PROGRAM\uCOSII-2.9\IAR\APP\Flash\Obj\stm32f10x_systick.o
#        K:\项目跟踪\梦想之花\PROGRAM\uCOSII-2.9\IAR\APP\Flash\Obj\stm32f10x_tim.o
#        K:\项目跟踪\梦想之花\PROGRAM\uCOSII-2.9\IAR\APP\Flash\Obj\stm32f10x_usart.o
#        K:\项目跟踪\梦想之花\PROGRAM\uCOSII-2.9\IAR\APP\Flash\Obj\stm32f10x_wwdg.o
#        K:\项目跟踪\梦想之花\PROGRAM\uCOSII-2.9\IAR\APP\Flash\Obj\user_io.o
#        K:\项目跟踪\梦想之花\PROGRAM\uCOSII-2.9\IAR\APP\Flash\Obj\user_uart.o
#        --redirect _Printf=_PrintfFull --redirect _Scanf=_ScanfFull -o
#        K:\项目跟踪\梦想之花\PROGRAM\uCOSII-2.9\IAR\APP\Flash\Exe\OS.out --map
#        K:\项目跟踪\梦想之花\PROGRAM\uCOSII-2.9\IAR\APP\Flash\List\OS.map
#        --config
#        K:\项目跟踪\梦想之花\PROGRAM\uCOSII-2.9\IAR\APP\stm32f10x_flash.icf
#        --semihosting --entry __iar_program_start --vfe
#
###############################################################################

*******************************************************************************
*** RUNTIME MODEL ATTRIBUTES
***

CppFlavor                     = *
__Heap_Handler                = Basic
__SystemLibrary               = DLib
__dlib_dynamic_initialization = normal


*******************************************************************************
*** PLACEMENT SUMMARY
***

"A1":  place at 0x08000000 { ro section .intvec };
"P1":  place in [from 0x08000000 to 0x0800ffff] { ro };
"P2":  place in [from 0x20000000 to 0x20004fff] { rw, block CSTACK, block HEAP };

  Section             Kind        Address    Size  Object
  -------             ----        -------    ----  ------
"A1":                                       0x150
  .intvec             const    0x08000000   0x150  app_vect.o [1]
                             - 0x08000150   0x150

"P1":                                      0x4fc0
  .text               ro code  0x08000150  0x114e  xprintffull.o [3]
  .text               ro code  0x0800129e    0x20  xmbtowc.o [3]
  .text               ro code  0x080012be    0x22  zero_init3.o [5]
  .text               ro code  0x080012e0    0x16  strchr.o [5]
  .text               ro code  0x080012f6     0xe  app_vect.o [1]
  .text               ro code  0x08001304    0x36  strlen.o [5]
  .text               ro code  0x0800133a     0xa  xsprout.o [3]
  .text               ro code  0x08001344    0x58  memchr.o [5]
  .text               ro code  0x0800139c     0xa  xmbcurmax.o [3]
  .rodata             const    0x080013a6     0x2  os_dbg.o [1]
  .text               ro code  0x080013a8    0xb0  xxmemxmalloc.o [3]
  .text               ro code  0x08001458    0x1a  xwctomb.o [3]
  .rodata             const    0x08001472     0x2  os_dbg.o [1]
  .text               ro code  0x08001474    0x76  ABImemcpy_unaligned.o [5]
  .rodata             const    0x080014ea     0x2  os_dbg.o [1]
  .text               ro code  0x080014ec    0x80  xxmemxfree.o [3]
  .text               ro code  0x0800156c    0xee  I64DivMod.o [5]
  .text               ro code  0x0800165a    0x42  xdnorm.o [4]
  .text               ro code  0x0800169c    0x2e  DblCmpLe.o [4]
  .rodata             const    0x080016ca     0x2  os_dbg.o [1]
  .text               ro code  0x080016cc    0x2e  DblCmpGe.o [4]
  .rodata             const    0x080016fa     0x2  os_dbg.o [1]
  .text               ro code  0x080016fc   0x110  xdscale.o [4]
  .text               ro code  0x0800180c    0x58  DblToI32.o [4]
  .text               ro code  0x08001864    0x30  I32ToDbl.o [4]
  .text               ro code  0x08001894   0x180  DblSub.o [4]
  .text               ro code  0x08001a14   0x1a2  DblMul.o [4]
  .rodata             const    0x08001bb6     0x2  os_dbg.o [1]
  .text               ro code  0x08001bb8   0x246  DblDiv.o [4]
  .rodata             const    0x08001dfe     0x2  os_dbg.o [1]
  .text               ro code  0x08001e00    0x6c  localeconv.o [3]
  .text               ro code  0x08001e6c     0xe  div.o [3]
  .rodata             const    0x08001e7a     0x2  os_dbg.o [1]
  .text               ro code  0x08001e7c    0x14  setlocale.o [3]
  .text               ro code  0x08001e90    0x60  xencoding_sb.o [3]
  .text               ro code  0x08001ef0    0x2c  xgetmemchunk.o [3]
  .text               ro code  0x08001f1c     0x2  I64DivZer.o [5]
  .rodata             const    0x08001f1e     0x2  os_dbg.o [1]
  .text               ro code  0x08001f20    0xd4  DblAdd.o [4]
  .text               ro code  0x08001ff4     0x2  xtls.o [3]
  .rodata             const    0x08001ff6     0x2  os_dbg.o [1]
  .text               ro code  0x08001ff8   0xa78  os_core.o [1]
  CODE                ro code  0x08002a70    0xa0  os_cpu_a.o [1]
  .text               ro code  0x08002b10   0x14c  os_cpu_c.o [1]
  .text               ro code  0x08002c5c    0x96  os_flag.o [1]
  .rodata             const    0x08002cf2     0x2  os_dbg.o [1]
  .text               ro code  0x08002cf4    0x60  os_mem.o [1]
  .text               ro code  0x08002d54   0x268  os_q.o [1]
  .text               ro code  0x08002fbc   0x288  os_tmr.o [1]
  .text               ro code  0x08003244   0x1cc  os_dbg.o [1]
  .text               ro code  0x08003410    0x84  os_time.o [1]
  .text               ro code  0x08003494   0x4ac  os_task.o [1]
  .text               ro code  0x08003940    0x10  app_hooks.o [1]
  .text               ro code  0x08003950   0x1a6  os_sem.o [1]
  .rodata             const    0x08003af6     0x2  os_dbg.o [1]
  .text               ro code  0x08003af8   0x3a0  stm32f10x_rcc.o [1]
  .text               ro code  0x08003e98   0x30e  bsp_int.o [1]
  .rodata             const    0x080041a6     0x2  os_dbg.o [1]
  .text               ro code  0x080041a8   0x30c  cpu_c.o [1]
  CODE                ro code  0x080044b4    0x2a  cpu_a.o [1]
  .rodata             const    0x080044de     0x2  os_dbg.o [1]
  .text               ro code  0x080044e0   0x190  user_uart.o [1]
  .text               ro code  0x08004670   0x13c  stm32f10x_gpio.o [1]
  .text               ro code  0x080047ac   0x12e  stm32f10x_usart.o [1]
  .rodata             const    0x080048da     0x2  os_dbg.o [1]
  .text               ro code  0x080048dc   0x158  MyTask.o [1]
  .text               ro code  0x08004a34    0x34  sprintf.o [3]
  .rodata             const    0x08004a68   0x100  os_core.o [1]
  .text               ro code  0x08004b68    0xe4  stm32f10x_nvic.o [1]
  .text               ro code  0x08004c4c    0xd4  bsp.o [1]
  .text               ro code  0x08004d20    0x44  stm32f10x_flash.o [1]
  .text               ro code  0x08004d64    0xd2  packbits_init.o [5]
  .text               ro code  0x08004e36     0x6  abort.o [3]
  .text               ro code  0x08004e3c    0x14  exit.o [6]
  .text               ro code  0x08004e50    0x84  app.o [1]
  .text               ro code  0x08004ed4    0x84  stm32f10x_systick.o [1]
  .text               ro code  0x08004f58    0x7a  cortexm3_macro.o [1]
  .rodata             const    0x08004fd2     0x2  os_dbg.o [1]
  .text               ro code  0x08004fd4    0x28  data_init.o [5]
  .iar.init_table     const    0x08004ffc    0x2c  - Linker created -
  .text               ro code  0x08005028    0x1a  cmain.o [5]
  .text               ro code  0x08005042     0x4  low_level_init.o [3]
  .text               ro code  0x08005046     0x4  exit.o [3]
  .rodata             const    0x0800504a     0x2  os_dbg.o [1]
  .text               ro code  0x0800504c     0xa  cexit.o [5]
  .rodata             const    0x08005056     0x2  os_dbg.o [1]
  .rodata             const    0x08005058    0x18  MyTask.o [1]
  .rodata             const    0x08005070    0x14  os_tmr.o [1]
  .rodata             const    0x08005084    0x14  os_tmr.o [1]
  .rodata             const    0x08005098    0x10  stm32f10x_rcc.o [1]
  .text               ro code  0x080050a8     0xc  cstartup_M.o [5]
  .rodata             const    0x080050b4     0x4  os_dbg.o [1]
  .rodata             const    0x080050b8     0x4  stm32f10x_rcc.o [1]
  .rodata             const    0x080050bc     0x2  os_dbg.o [1]
  .rodata             const    0x080050be     0x2  os_dbg.o [1]
  .rodata             const    0x080050c0     0x2  os_dbg.o [1]
  .rodata             const    0x080050c2     0x2  os_dbg.o [1]
  .rodata             const    0x080050c4     0x2  os_dbg.o [1]
  .rodata             const    0x080050c6     0x2  os_dbg.o [1]
  .rodata             const    0x080050c8     0x2  os_dbg.o [1]
  .rodata             const    0x080050ca     0x2  os_dbg.o [1]
  .rodata             const    0x080050cc     0x2  os_dbg.o [1]
  .rodata             const    0x080050ce     0x2  os_dbg.o [1]
  .rodata             const    0x080050d0     0x2  os_dbg.o [1]
  .rodata             const    0x080050d2     0x2  os_dbg.o [1]
  .rodata             const    0x080050d4     0x2  os_dbg.o [1]
  .rodata             const    0x080050d6     0x2  os_dbg.o [1]
  .rodata             const    0x080050d8     0x2  os_dbg.o [1]
  .rodata             const    0x080050da     0x2  os_dbg.o [1]
  .rodata             const    0x080050dc     0x2  os_dbg.o [1]
  .rodata             const    0x080050de     0x2  os_dbg.o [1]
  .rodata             const    0x080050e0     0x2  os_dbg.o [1]
  .rodata             const    0x080050e2     0x2  os_dbg.o [1]
  .rodata             const    0x080050e4     0x2  os_dbg.o [1]
  .rodata             const    0x080050e6     0x2  os_dbg.o [1]
  .rodata             const    0x080050e8     0x2  os_dbg.o [1]
  .rodata             const    0x080050ea     0x2  os_dbg.o [1]
  .rodata             const    0x080050ec     0x2  os_dbg.o [1]
  .rodata             const    0x080050ee     0x2  os_dbg.o [1]
  .rodata             const    0x080050f0     0x2  os_dbg.o [1]
  .rodata             const    0x080050f2     0x2  os_dbg.o [1]
  .rodata             const    0x080050f4     0x2  os_dbg.o [1]
  .rodata             const    0x080050f6     0x2  os_dbg.o [1]
  .rodata             const    0x080050f8     0x2  os_dbg.o [1]
  .rodata             const    0x080050fa     0x2  os_dbg.o [1]
  .rodata             const    0x080050fc     0x2  os_dbg.o [1]
  .rodata             const    0x080050fe     0x2  os_dbg.o [1]
  .rodata             const    0x08005100     0x2  os_dbg.o [1]
  .rodata             const    0x08005102     0x2  os_dbg.o [1]
  .rodata             const    0x08005104     0x0  zero_init3.o [5]
  .rodata             const    0x08005104     0x0  packbits_init.o [5]
  Initializer bytes   ro data  0x08005104     0xc  <for P2 s0>
                             - 0x08005110  0x4fc0

"P2":                                      0x3648
  P2 s0                        0x20000000    0xfc  <Init block>
    __DLIB_PERTHREAD  inited   0x20000000    0x88  localeconv.o [3]
    __DLIB_PERTHREAD  inited   0x20000088    0x74  setlocale.o [3]
  .bss                zero     0x200000fc   0x738  os_core.o [1]
  .bss                zero     0x20000834   0x400  MyTask.o [1]
  .bss                zero     0x20000c34   0x280  os_core.o [1]
  .bss                zero     0x20000eb4   0x200  MyTask.o [1]
  .bss                zero     0x200010b4   0x200  MyTask.o [1]
  .bss                zero     0x200012b4   0x200  MyTask.o [1]
  .bss                zero     0x200014b4   0x200  os_core.o [1]
  .bss                zero     0x200016b4   0x200  os_core.o [1]
  .bss                zero     0x200018b4   0x200  os_core.o [1]
  .bss                zero     0x20001ab4   0x200  os_cpu_c.o [1]
  .bss                zero     0x20001cb4   0x168  os_core.o [1]
  .bss                zero     0x20001e1c   0x110  bsp_int.o [1]
  .bss                zero     0x20001f2c   0x100  os_core.o [1]
  .bss                zero     0x2000202c    0x78  os_core.o [1]
  .bss                zero     0x200020a4    0x60  os_core.o [1]
  .bss                zero     0x20002104    0x50  os_core.o [1]
  .bss                zero     0x20002154    0x40  os_core.o [1]
  .bss                zero     0x20002194    0x34  MyTask.o [1]
  .bss                zero     0x200021c8     0x8  os_core.o [1]
  .bss                zero     0x200021d0     0x8  xxmemxmalloc.o [3]
  .bss                zero     0x200021d8     0x4  bsp.o [1]
  .bss                zero     0x200021dc     0x4  MyTask.o [1]
  .bss                zero     0x200021e0     0x4  MyTask.o [1]
  .bss                zero     0x200021e4     0x4  os_core.o [1]
  .bss                zero     0x200021e8     0x4  os_core.o [1]
  .bss                zero     0x200021ec     0x4  os_core.o [1]
  .bss                zero     0x200021f0     0x4  os_core.o [1]
  .bss                zero     0x200021f4     0x4  os_core.o [1]
  .bss                zero     0x200021f8     0x4  os_core.o [1]
  .bss                zero     0x200021fc     0x4  os_core.o [1]
  .bss                zero     0x20002200     0x4  os_core.o [1]
  .bss                zero     0x20002204     0x4  os_core.o [1]
  .bss                zero     0x20002208     0x4  os_core.o [1]
  .bss                zero     0x2000220c     0x4  os_core.o [1]
  .bss                zero     0x20002210     0x4  os_core.o [1]
  .bss                zero     0x20002214     0x4  os_core.o [1]
  .bss                zero     0x20002218     0x4  os_core.o [1]
  .bss                zero     0x2000221c     0x4  os_core.o [1]
  .bss                zero     0x20002220     0x4  os_core.o [1]
  .bss                zero     0x20002224     0x4  os_core.o [1]
  .bss                zero     0x20002228     0x4  os_cpu_c.o [1]
  .bss                zero     0x2000222c     0x4  user_uart.o [1]
  .bss                zero     0x20002230     0x4  xgetmemchunk.o [3]
  .bss                zero     0x20002234     0x2  os_core.o [1]
  .bss                zero     0x20002236     0x2  os_core.o [1]
  .bss                zero     0x20002238     0x2  os_cpu_c.o [1]
  .bss                zero     0x2000223a     0x1  os_core.o [1]
  .bss                zero     0x2000223b     0x1  os_core.o [1]
  .bss                zero     0x2000223c     0x1  os_core.o [1]
  .bss                zero     0x2000223d     0x1  os_core.o [1]
  .bss                zero     0x2000223e     0x1  os_core.o [1]
  .bss                zero     0x2000223f     0x1  os_core.o [1]
  .bss                zero     0x20002240     0x1  os_core.o [1]
  .bss                zero     0x20002241     0x1  os_core.o [1]
  .bss                zero     0x20002242     0x1  os_core.o [1]
  .bss                zero     0x20002243     0x1  os_core.o [1]
  CSTACK                       0x20002248  0x1200  <Block>
    CSTACK            uninit   0x20002248  0x1200  <Block tail>
  HEAP                         0x20003448   0x200  <Block>
    HEAP              uninit   0x20003448   0x200  <Block tail>
                             - 0x20003648  0x3648


*******************************************************************************
*** INIT TABLE
***

          Address     Size
          -------     ----
Zero (__iar_zero_init3)
    1 destination range, total size 0x2148:
          0x200000fc  0x2148

Copy/packbits (__iar_packbits_init3)
    1 source range, total size 0xc (4% of destination):
          0x08005104     0xc
    1 destination range, total size 0xfc:
          0x20000000    0xfc



*******************************************************************************
*** MODULE SUMMARY
***

    Module                 ro code  ro data  rw data
    ------                 -------  -------  -------
K:\项目跟踪\梦想之花\PROGRAM\uCOSII-2.9\IAR\APP\Flash\Obj: [1]
    MyTask.o                   344       24    2 620
    app.o                      132
    app_hooks.o                 16
    app_vect.o                  14      336
    bsp.o                      212                 4
    bsp_int.o                  782               272
    cortexm3_macro.o           122
    cpu_a.o                     42
    cpu_c.o                    780
    os_core.o                2 680      256    5 090
    os_cpu_a.o                 160
    os_cpu_c.o                 332               518
    os_dbg.o                   460      112
    os_flag.o                  150
    os_mem.o                    96
    os_q.o                     616
    os_sem.o                   422
    os_task.o                1 196
    os_time.o                  132
    os_tmr.o                   648       40
    stm32f10x_flash.o           68
    stm32f10x_gpio.o           316
    stm32f10x_nvic.o           228
    stm32f10x_rcc.o            928       20
    stm32f10x_systick.o        132
    stm32f10x_usart.o          302
    user_uart.o                400                 4
    ------------------------------------------------
    Total:                  11 710      788    8 508

command line: [2]
    ------------------------------------------------
    Total:

dl7M_tlf.a: [3]
    abort.o                      6
    div.o                       14
    exit.o                       4
    localeconv.o               108        6      136
    low_level_init.o             4
    setlocale.o                 20        6      116
    sprintf.o                   52
    xencoding_sb.o              96
    xgetmemchunk.o              44                 4
    xmbcurmax.o                 10
    xmbtowc.o                   32
    xprintffull.o            4 430
    xsprout.o                   10
    xtls.o                       2
    xwctomb.o                   26
    xxmemxfree.o               128
    xxmemxmalloc.o             176                 8
    ------------------------------------------------
    Total:                   5 162       12      264

m7M_tl.a: [4]
    DblAdd.o                   212
    DblCmpGe.o                  46
    DblCmpLe.o                  46
    DblDiv.o                   582
    DblMul.o                   418
    DblSub.o                   384
    DblToI32.o                  88
    I32ToDbl.o                  48
    xdnorm.o                    66
    xdscale.o                  272
    ------------------------------------------------
    Total:                   2 162

rt7M_tl.a: [5]
    ABImemcpy_unaligned.o      118
    I64DivMod.o                238
    I64DivZer.o                  2
    cexit.o                     10
    cmain.o                     26
    cstartup_M.o                12
    data_init.o                 40
    memchr.o                    88
    packbits_init.o            210
    strchr.o                    22
    strlen.o                    54
    zero_init3.o                34
    ------------------------------------------------
    Total:                     854

shb_l.a: [6]
    exit.o                      20
    ------------------------------------------------
    Total:                      20

    Linker created                       44    5 120
----------------------------------------------------
    Grand Total:            19 908      844   13 892


*******************************************************************************
*** ENTRY LIST
***

Entry                      Address   Size  Type      Object
-----                      -------   ----  ----      ------
?main                   0x08005029         Code  Gb  cmain.o [5]
ADCPrescTable           0x080050b8    0x4  Data  Lc  stm32f10x_rcc.o [1]
APBAHBPrescTable        0x08005098   0x10  Data  Lc  stm32f10x_rcc.o [1]
App_BusFault_ISR        0x080012fb    0x2  Code  Lc  app_vect.o [1]
App_Fault_ISR           0x080012f9    0x2  Code  Lc  app_vect.o [1]
App_MemFault_ISR        0x080012ff    0x2  Code  Lc  app_vect.o [1]
App_NMI_ISR             0x080012f7    0x2  Code  Lc  app_vect.o [1]
App_Reserved_ISR        0x08001303    0x2  Code  Lc  app_vect.o [1]
App_Spurious_ISR        0x08001301    0x2  Code  Lc  app_vect.o [1]
App_TCBInitHook         0x0800394d    0x2  Code  Gb  app_hooks.o [1]
App_TaskCreateHook      0x08003941    0x2  Code  Gb  app_hooks.o [1]
App_TaskDelHook         0x08003943    0x2  Code  Gb  app_hooks.o [1]
App_TaskIdleHook        0x08003945    0x2  Code  Gb  app_hooks.o [1]
App_TaskReturnHook      0x08003947    0x2  Code  Gb  app_hooks.o [1]
App_TaskStatHook        0x08003949    0x2  Code  Gb  app_hooks.o [1]
App_TaskSwHook          0x0800394b    0x2  Code  Gb  app_hooks.o [1]
App_TimeTickHook        0x0800394f    0x2  Code  Gb  app_hooks.o [1]
App_UsageFault_ISR      0x080012fd    0x2  Code  Lc  app_vect.o [1]
BSP_CPU_ClkFreq         0x08004cc9   0x10  Code  Gb  bsp.o [1]
BSP_CPU_ClkFreq_MHz     0x200021d8    0x4  Data  Gb  bsp.o [1]
BSP_Init                0x08004c4d   0x7c  Code  Gb  bsp.o [1]
BSP_IntEn               0x08003e99   0x14  Code  Gb  bsp_int.o [1]
BSP_IntHandler          0x08004171   0x30  Code  Lc  bsp_int.o [1]
BSP_IntHandlerADC1_2    0x08003fc3    0xa  Code  Gb  bsp_int.o [1]
BSP_IntHandlerCAN1_RX0  0x08003fd7    0xa  Code  Gb  bsp_int.o [1]
BSP_IntHandlerCAN1_RX1  0x08003fe1    0xa  Code  Gb  bsp_int.o [1]
BSP_IntHandlerCAN1_SCE  0x08003feb    0xa  Code  Gb  bsp_int.o [1]
BSP_IntHandlerCAN1_TX   0x08003fcd    0xa  Code  Gb  bsp_int.o [1]
BSP_IntHandlerCAN2_RX0  0x08004149    0xa  Code  Gb  bsp_int.o [1]
BSP_IntHandlerCAN2_RX1  0x08004153    0xa  Code  Gb  bsp_int.o [1]
BSP_IntHandlerCAN2_SCE  0x0800415d    0xa  Code  Gb  bsp_int.o [1]
BSP_IntHandlerCAN2_TX   0x0800413f    0xa  Code  Gb  bsp_int.o [1]
BSP_IntHandlerDMA1_CH1  0x08003f7d    0xa  Code  Gb  bsp_int.o [1]
BSP_IntHandlerDMA1_CH2  0x08003f87    0xa  Code  Gb  bsp_int.o [1]
BSP_IntHandlerDMA1_CH3  0x08003f91    0xa  Code  Gb  bsp_int.o [1]
BSP_IntHandlerDMA1_CH4  0x08003f9b    0xa  Code  Gb  bsp_int.o [1]
BSP_IntHandlerDMA1_CH5  0x08003fa5    0xa  Code  Gb  bsp_int.o [1]
BSP_IntHandlerDMA1_CH6  0x08003faf    0xa  Code  Gb  bsp_int.o [1]
BSP_IntHandlerDMA1_CH7  0x08003fb9    0xa  Code  Gb  bsp_int.o [1]
BSP_IntHandlerDMA2_CH1  0x080040f9    0xa  Code  Gb  bsp_int.o [1]
BSP_IntHandlerDMA2_CH2  0x08004103    0xa  Code  Gb  bsp_int.o [1]
BSP_IntHandlerDMA2_CH3  0x0800410d    0xa  Code  Gb  bsp_int.o [1]
BSP_IntHandlerDMA2_CH4  0x08004117    0xa  Code  Gb  bsp_int.o [1]
BSP_IntHandlerDMA2_CH5  0x08004121    0xa  Code  Gb  bsp_int.o [1]
BSP_IntHandlerDummy     0x080041a5    0x2  Code  Lc  bsp_int.o [1]
BSP_IntHandlerETH       0x0800412b    0xa  Code  Gb  bsp_int.o [1]
BSP_IntHandlerETHWakeup
                        0x08004135    0xa  Code  Gb  bsp_int.o [1]
BSP_IntHandlerEXTI0     0x08003f4b    0xa  Code  Gb  bsp_int.o [1]
BSP_IntHandlerEXTI1     0x08003f55    0xa  Code  Gb  bsp_int.o [1]
BSP_IntHandlerEXTI15_10
                        0x0800409f    0xa  Code  Gb  bsp_int.o [1]
BSP_IntHandlerEXTI2     0x08003f5f    0xa  Code  Gb  bsp_int.o [1]
BSP_IntHandlerEXTI3     0x08003f69    0xa  Code  Gb  bsp_int.o [1]
BSP_IntHandlerEXTI4     0x08003f73    0xa  Code  Gb  bsp_int.o [1]
BSP_IntHandlerEXTI9_5   0x08003ff5    0xa  Code  Gb  bsp_int.o [1]
BSP_IntHandlerFLASH     0x08003f37    0xa  Code  Gb  bsp_int.o [1]
BSP_IntHandlerI2C1_ER   0x0800404f    0xa  Code  Gb  bsp_int.o [1]
BSP_IntHandlerI2C1_EV   0x08004045    0xa  Code  Gb  bsp_int.o [1]
BSP_IntHandlerI2C2_ER   0x08004063    0xa  Code  Gb  bsp_int.o [1]
BSP_IntHandlerI2C2_EV   0x08004059    0xa  Code  Gb  bsp_int.o [1]
BSP_IntHandlerOTG       0x08004167    0xa  Code  Gb  bsp_int.o [1]
BSP_IntHandlerPVD       0x08003f19    0xa  Code  Gb  bsp_int.o [1]
BSP_IntHandlerRCC       0x08003f41    0xa  Code  Gb  bsp_int.o [1]
BSP_IntHandlerRTC       0x08003f2d    0xa  Code  Gb  bsp_int.o [1]
BSP_IntHandlerRTCAlarm  0x080040a9    0xa  Code  Gb  bsp_int.o [1]
BSP_IntHandlerSPI1      0x0800406d    0xa  Code  Gb  bsp_int.o [1]
BSP_IntHandlerSPI2      0x08004077    0xa  Code  Gb  bsp_int.o [1]
BSP_IntHandlerSPI3      0x080040c7    0xa  Code  Gb  bsp_int.o [1]
BSP_IntHandlerTAMPER    0x08003f23    0xa  Code  Gb  bsp_int.o [1]
BSP_IntHandlerTIM1_BRK  0x08003fff    0xa  Code  Gb  bsp_int.o [1]
BSP_IntHandlerTIM1_CC   0x0800401d    0xa  Code  Gb  bsp_int.o [1]
BSP_IntHandlerTIM1_TRG_COM
                        0x08004013    0xa  Code  Gb  bsp_int.o [1]
BSP_IntHandlerTIM1_UP   0x08004009    0xa  Code  Gb  bsp_int.o [1]
BSP_IntHandlerTIM2      0x08004027    0xa  Code  Gb  bsp_int.o [1]
BSP_IntHandlerTIM3      0x08004031    0xa  Code  Gb  bsp_int.o [1]
BSP_IntHandlerTIM4      0x0800403b    0xa  Code  Gb  bsp_int.o [1]
BSP_IntHandlerTIM5      0x080040bd    0xa  Code  Gb  bsp_int.o [1]
BSP_IntHandlerTIM6      0x080040e5    0xa  Code  Gb  bsp_int.o [1]
BSP_IntHandlerTIM7      0x080040ef    0xa  Code  Gb  bsp_int.o [1]
BSP_IntHandlerUSART1    0x08004081    0xa  Code  Gb  bsp_int.o [1]
BSP_IntHandlerUSART2    0x0800408b    0xa  Code  Gb  bsp_int.o [1]
BSP_IntHandlerUSART3    0x08004095    0xa  Code  Gb  bsp_int.o [1]
BSP_IntHandlerUSART4    0x080040d1    0xa  Code  Gb  bsp_int.o [1]
BSP_IntHandlerUSART5    0x080040db    0xa  Code  Gb  bsp_int.o [1]
BSP_IntHandlerUSBWakeUp
                        0x080040b3    0xa  Code  Gb  bsp_int.o [1]
BSP_IntHandlerWWDG      0x08003f0f    0xa  Code  Gb  bsp_int.o [1]
BSP_IntInit             0x08003ef5   0x1a  Code  Gb  bsp_int.o [1]
BSP_IntPrioSet          0x08003ecd   0x28  Code  Gb  bsp_int.o [1]
BSP_IntVectSet          0x08003ead   0x20  Code  Gb  bsp_int.o [1]
BSP_IntVectTbl          0x20001e1c  0x110  Data  Lc  bsp_int.o [1]
BSP_LED_Init            0x08004cd9   0x3c  Code  Lc  bsp.o [1]
CPU_CntLeadZeros        0x080044cb         Code  Gb  cpu_a.o [1]
CPU_IntDis              0x080044b5         Code  Gb  cpu_a.o [1]
CPU_IntEn               0x080044b9         Code  Gb  cpu_a.o [1]
CPU_IntSrcEn            0x080041a9  0x114  Code  Gb  cpu_c.o [1]
CPU_IntSrcPrioSet       0x080042bd  0x1d8  Code  Gb  cpu_c.o [1]
CPU_RevBits             0x080044d1         Code  Gb  cpu_a.o [1]
CPU_SR_Restore          0x080044c5         Code  Gb  cpu_a.o [1]
CPU_SR_Save             0x080044bd         Code  Gb  cpu_a.o [1]
CPU_WaitForExcept       0x080044db         Code  Gb  cpu_a.o [1]
CPU_WaitForInt          0x080044d7         Code  Gb  cpu_a.o [1]
CSTACK$$Base            0x20002248          --   Gb  - Linker created -
CSTACK$$Limit           0x20003448          --   Gb  - Linker created -
CpldQsem                0x200021e0    0x4  Data  Gb  MyTask.o [1]
FLASH_PrefetchBufferCmd
                        0x08004d41   0x20  Code  Gb  stm32f10x_flash.o [1]
FLASH_SetLatency        0x08004d21   0x20  Code  Gb  stm32f10x_flash.o [1]
GPIO_Init               0x08004671  0x136  Code  Gb  stm32f10x_gpio.o [1]
GPIO_SetBits            0x080047a7    0x6  Code  Gb  stm32f10x_gpio.o [1]
HEAP$$Base              0x20003448          --   Gb  - Linker created -
HEAP$$Limit             0x20003648          --   Gb  - Linker created -
InStream_Read           0x08004d65   0x22  Code  Lc  packbits_init.o [5]
LoadInt                 0x08000781   0x6e  Code  Lc  xprintffull.o [3]
MsgGrp                  0x20000834  0x400  Data  Gb  MyTask.o [1]
MyTask                  0x080048dd   0x5a  Code  Gb  MyTask.o [1]
MyTask_Stk              0x20000eb4  0x200  Data  Gb  MyTask.o [1]
NVIC_Configuration      0x08004e77   0x34  Code  Gb  app.o [1]
NVIC_Init               0x08004b77   0xac  Code  Gb  stm32f10x_nvic.o [1]
NVIC_PriorityGroupConfig
                        0x08004b69    0xe  Code  Gb  stm32f10x_nvic.o [1]
NVIC_SetVectorTable     0x08004c23    0xc  Code  Gb  stm32f10x_nvic.o [1]
OSCPUUsage              0x2000223a    0x1  Data  Gb  os_core.o [1]
OSCtxSw                 0x08002a9b         Code  Gb  os_cpu_a.o [1]
OSCtxSwCtr              0x200021e4    0x4  Data  Gb  os_core.o [1]
OSDataSize              0x08005102    0x2  Data  Gb  os_dbg.o [1]
OSDebugEn               0x080013a6    0x2  Data  Gb  os_dbg.o [1]
OSDebugInit             0x08003245  0x1cc  Code  Gb  os_dbg.o [1]
OSEndiannessTest        0x080050b4    0x4  Data  Gb  os_dbg.o [1]
OSEventEn               0x08001472    0x2  Data  Gb  os_dbg.o [1]
OSEventFreeList         0x200021e8    0x4  Data  Gb  os_core.o [1]
OSEventMax              0x080014ea    0x2  Data  Gb  os_dbg.o [1]
OSEventMultiEn          0x08001dfe    0x2  Data  Gb  os_dbg.o [1]
OSEventNameEn           0x080016ca    0x2  Data  Gb  os_dbg.o [1]
OSEventNameSet          0x08001ff9   0x3c  Code  Gb  os_core.o [1]
OSEventSize             0x080016fa    0x2  Data  Gb  os_dbg.o [1]
OSEventTbl              0x20001cb4  0x168  Data  Gb  os_core.o [1]
OSEventTblSize          0x08001bb6    0x2  Data  Gb  os_dbg.o [1]
OSFlagEn                0x08001e7a    0x2  Data  Gb  os_dbg.o [1]
OSFlagFreeList          0x200021ec    0x4  Data  Gb  os_core.o [1]
OSFlagGrpSize           0x08001f1e    0x2  Data  Gb  os_dbg.o [1]
OSFlagMax               0x08003af6    0x2  Data  Gb  os_dbg.o [1]
OSFlagNameEn            0x080041a6    0x2  Data  Gb  os_dbg.o [1]
OSFlagNodeSize          0x08001ff6    0x2  Data  Gb  os_dbg.o [1]
OSFlagTbl               0x20002104   0x50  Data  Gb  os_core.o [1]
OSFlagWidth             0x08002cf2    0x2  Data  Gb  os_dbg.o [1]
OSIdleCtr               0x200021f8    0x4  Data  Gb  os_core.o [1]
OSIdleCtrMax            0x200021f0    0x4  Data  Gb  os_core.o [1]
OSIdleCtrRun            0x200021f4    0x4  Data  Gb  os_core.o [1]
OSInit                  0x08002035   0x38  Code  Gb  os_core.o [1]
OSInitHookBegin         0x08002b11   0x24  Code  Gb  os_cpu_c.o [1]
OSInitHookEnd           0x08002b35    0x2  Code  Gb  os_cpu_c.o [1]
OSIntCtxSw              0x08002aa3         Code  Gb  os_cpu_a.o [1]
OSIntEnter              0x0800206d   0x24  Code  Gb  os_core.o [1]
OSIntExit               0x08002091   0x94  Code  Gb  os_core.o [1]
OSIntNesting            0x2000223c    0x1  Data  Gb  os_core.o [1]
OSLockNesting           0x2000223d    0x1  Data  Gb  os_core.o [1]
OSLowestPrio            0x080044de    0x2  Data  Gb  os_dbg.o [1]
OSMboxEn                0x080048da    0x2  Data  Gb  os_dbg.o [1]
OSMemEn                 0x08004fd2    0x2  Data  Gb  os_dbg.o [1]
OSMemFreeList           0x2000220c    0x4  Data  Gb  os_core.o [1]
OSMemMax                0x0800504a    0x2  Data  Gb  os_dbg.o [1]
OSMemNameEn             0x08005056    0x2  Data  Gb  os_dbg.o [1]
OSMemSize               0x080050bc    0x2  Data  Gb  os_dbg.o [1]
OSMemTbl                0x2000202c   0x78  Data  Gb  os_core.o [1]
OSMemTblSize            0x080050be    0x2  Data  Gb  os_dbg.o [1]
OSMutexEn               0x080050c0    0x2  Data  Gb  os_dbg.o [1]
OSPrioCur               0x2000223e    0x1  Data  Gb  os_core.o [1]
OSPrioHighRdy           0x2000223f    0x1  Data  Gb  os_core.o [1]
OSPtrSize               0x080050c2    0x2  Data  Gb  os_dbg.o [1]
OSQCreate               0x08002d55   0xb8  Code  Gb  os_q.o [1]
OSQEn                   0x080050c4    0x2  Data  Gb  os_dbg.o [1]
OSQFreeList             0x20002210    0x4  Data  Gb  os_core.o [1]
OSQMax                  0x080050c6    0x2  Data  Gb  os_dbg.o [1]
OSQPend                 0x08002e0d  0x142  Code  Gb  os_q.o [1]
OSQSize                 0x080050c8    0x2  Data  Gb  os_dbg.o [1]
OSQTbl                  0x200020a4   0x60  Data  Gb  os_core.o [1]
OSRdyGrp                0x20002240    0x1  Data  Gb  os_core.o [1]
OSRdyTbl                0x200021c8    0x8  Data  Gb  os_core.o [1]
OSRdyTblSize            0x080050ca    0x2  Data  Gb  os_dbg.o [1]
OSRunning               0x20002241    0x1  Data  Gb  os_core.o [1]
OSSchedLock             0x08002125   0x3e  Code  Gb  os_core.o [1]
OSSchedUnlock           0x08002163   0x64  Code  Gb  os_core.o [1]
OSSemCreate             0x08003951   0x52  Code  Gb  os_sem.o [1]
OSSemEn                 0x080050cc    0x2  Data  Gb  os_dbg.o [1]
OSSemPend               0x080039a3   0xe2  Code  Gb  os_sem.o [1]
OSSemPost               0x08003a9d   0x5a  Code  Gb  os_sem.o [1]
OSStart                 0x080021c7   0x42  Code  Gb  os_core.o [1]
OSStartHighRdy          0x08002a7f         Code  Gb  os_cpu_a.o [1]
OSStatInit              0x08002209   0x46  Code  Gb  os_core.o [1]
OSStatRdy               0x2000223b    0x1  Data  Gb  os_core.o [1]
OSStkWidth              0x080050ce    0x2  Data  Gb  os_dbg.o [1]
OSTCBCur                0x200021fc    0x4  Data  Gb  os_core.o [1]
OSTCBFreeList           0x20002200    0x4  Data  Gb  os_core.o [1]
OSTCBHighRdy            0x20002204    0x4  Data  Gb  os_core.o [1]
OSTCBInitHook           0x08002bf1    0xc  Code  Gb  os_cpu_c.o [1]
OSTCBList               0x20002208    0x4  Data  Gb  os_core.o [1]
OSTCBPrioTbl            0x20001f2c  0x100  Data  Gb  os_core.o [1]
OSTCBPrioTblMax         0x080050e6    0x2  Data  Gb  os_dbg.o [1]
OSTCBSize               0x080050e8    0x2  Data  Gb  os_dbg.o [1]
OSTCBTbl                0x200000fc  0x738  Data  Gb  os_core.o [1]
OSTaskCreate            0x08003495   0xbc  Code  Gb  os_task.o [1]
OSTaskCreateEn          0x080050d0    0x2  Data  Gb  os_dbg.o [1]
OSTaskCreateExt         0x08003551   0xd8  Code  Gb  os_task.o [1]
OSTaskCreateExtEn       0x080050d2    0x2  Data  Gb  os_dbg.o [1]
OSTaskCreateHook        0x08002b37    0xc  Code  Gb  os_cpu_c.o [1]
OSTaskCtr               0x20002242    0x1  Data  Gb  os_core.o [1]
OSTaskDel               0x08003629  0x17a  Code  Gb  os_task.o [1]
OSTaskDelEn             0x080050d4    0x2  Data  Gb  os_dbg.o [1]
OSTaskDelHook           0x08002b43    0xc  Code  Gb  os_cpu_c.o [1]
OSTaskIdleHook          0x08002b4f    0x8  Code  Gb  os_cpu_c.o [1]
OSTaskIdleStk           0x200016b4  0x200  Data  Gb  os_core.o [1]
OSTaskIdleStkSize       0x080050d6    0x2  Data  Gb  os_dbg.o [1]
OSTaskMax               0x080050da    0x2  Data  Gb  os_dbg.o [1]
OSTaskNameEn            0x080050dc    0x2  Data  Gb  os_dbg.o [1]
OSTaskProfileEn         0x080050d8    0x2  Data  Gb  os_dbg.o [1]
OSTaskReturnHook        0x08002b57    0xc  Code  Gb  os_cpu_c.o [1]
OSTaskStatEn            0x080050de    0x2  Data  Gb  os_dbg.o [1]
OSTaskStatHook          0x08002b63    0x8  Code  Gb  os_cpu_c.o [1]
OSTaskStatStk           0x200014b4  0x200  Data  Gb  os_core.o [1]
OSTaskStatStkChkEn      0x080050e2    0x2  Data  Gb  os_dbg.o [1]
OSTaskStatStkSize       0x080050e0    0x2  Data  Gb  os_dbg.o [1]
OSTaskStkChk            0x080037a3   0x92  Code  Gb  os_task.o [1]
OSTaskStkInit           0x08002b6b   0x7e  Code  Gb  os_cpu_c.o [1]
OSTaskSuspend           0x08003835   0xb6  Code  Gb  os_task.o [1]
OSTaskSwHook            0x08002be9    0x8  Code  Gb  os_cpu_c.o [1]
OSTaskSwHookEn          0x080050e4    0x2  Data  Gb  os_dbg.o [1]
OSTickStepState         0x20002243    0x1  Data  Gb  os_core.o [1]
OSTicksPerSec           0x080050ea    0x2  Data  Gb  os_dbg.o [1]
OSTime                  0x20002214    0x4  Data  Gb  os_core.o [1]
OSTimeDly               0x08003411   0x6e  Code  Gb  os_time.o [1]
OSTimeTick              0x0800224f   0xf6  Code  Gb  os_core.o [1]
OSTimeTickHook          0x08002bfd   0x24  Code  Gb  os_cpu_c.o [1]
OSTimeTickHookEn        0x080050ec    0x2  Data  Gb  os_dbg.o [1]
OSTmrCfgMax             0x080050f2    0x2  Data  Gb  os_dbg.o [1]
OSTmrCfgNameEn          0x080050f4    0x2  Data  Gb  os_dbg.o [1]
OSTmrCfgTicksPerSec     0x080050f8    0x2  Data  Gb  os_dbg.o [1]
OSTmrCfgWheelSize       0x080050f6    0x2  Data  Gb  os_dbg.o [1]
OSTmrCtr                0x20002238    0x2  Data  Lc  os_cpu_c.o [1]
OSTmrEn                 0x080050f0    0x2  Data  Gb  os_dbg.o [1]
OSTmrFree               0x20002234    0x2  Data  Gb  os_core.o [1]
OSTmrFreeList           0x20002224    0x4  Data  Gb  os_core.o [1]
OSTmrSem                0x2000221c    0x4  Data  Gb  os_core.o [1]
OSTmrSemSignal          0x20002220    0x4  Data  Gb  os_core.o [1]
OSTmrSignal             0x08002fbd   0x12  Code  Gb  os_tmr.o [1]
OSTmrSize               0x080050fa    0x2  Data  Gb  os_dbg.o [1]
OSTmrTaskStk            0x200018b4  0x200  Data  Gb  os_core.o [1]
OSTmrTbl                0x20000c34  0x280  Data  Gb  os_core.o [1]
OSTmrTblSize            0x080050fc    0x2  Data  Gb  os_dbg.o [1]
OSTmrTime               0x20002218    0x4  Data  Gb  os_core.o [1]
OSTmrUsed               0x20002236    0x2  Data  Gb  os_core.o [1]
OSTmrWheelSize          0x080050fe    0x2  Data  Gb  os_dbg.o [1]
OSTmrWheelTbl           0x20002154   0x40  Data  Gb  os_core.o [1]
OSTmrWheelTblSize       0x08005100    0x2  Data  Gb  os_dbg.o [1]
OSTmr_Init              0x08002fcf   0xb6  Code  Gb  os_tmr.o [1]
OSTmr_InitTask          0x08003085   0x2c  Code  Lc  os_tmr.o [1]
OSTmr_Link              0x080030b1   0x78  Code  Lc  os_tmr.o [1]
OSTmr_Task              0x08003185   0x8a  Code  Lc  os_tmr.o [1]
OSTmr_Unlink            0x08003129   0x58  Code  Lc  os_tmr.o [1]
OSUnMapTbl              0x08004a68  0x100  Data  Gb  os_core.o [1]
OSVersionNbr            0x080050ee    0x2  Data  Gb  os_dbg.o [1]
OS_CPU_ExceptStk        0x20001ab4  0x200  Data  Gb  os_cpu_c.o [1]
OS_CPU_ExceptStkBase    0x20002228    0x4  Data  Gb  os_cpu_c.o [1]
OS_CPU_PendSVHandler    0x08002aab         Code  Gb  os_cpu_a.o [1]
OS_CPU_SR_Restore       0x08002a79         Code  Gb  os_cpu_a.o [1]
OS_CPU_SR_Save          0x08002a71         Code  Gb  os_cpu_a.o [1]
OS_CPU_SysTickHandler   0x08002c21   0x22  Code  Gb  os_cpu_c.o [1]
OS_ClockStart           0x08004eab   0x1c  Code  Gb  app.o [1]
OS_Dummy                0x08002345    0x2  Code  Gb  os_core.o [1]
OS_EventTaskRdy         0x08002347   0xba  Code  Gb  os_core.o [1]
OS_EventTaskRemove      0x0800248f   0x32  Code  Gb  os_core.o [1]
OS_EventTaskRemoveMulti
                        0x080024c1   0x4c  Code  Gb  os_core.o [1]
OS_EventTaskWait        0x08002401   0x8e  Code  Gb  os_core.o [1]
OS_EventWaitListInit    0x0800250d   0x1c  Code  Gb  os_core.o [1]
OS_FlagInit             0x08002c5d   0x58  Code  Gb  os_flag.o [1]
OS_FlagUnlink           0x08002cc1   0x32  Code  Gb  os_flag.o [1]
OS_InitEventList        0x08002529   0x6c  Code  Lc  os_core.o [1]
OS_InitMisc             0x08002595   0x4e  Code  Lc  os_core.o [1]
OS_InitRdyList          0x080025e3   0x42  Code  Lc  os_core.o [1]
OS_InitTCBList          0x08002685   0x70  Code  Lc  os_core.o [1]
OS_InitTaskIdle         0x08002625   0x30  Code  Lc  os_core.o [1]
OS_InitTaskStat         0x08002655   0x30  Code  Lc  os_core.o [1]
OS_MemClr               0x080026f5   0x12  Code  Gb  os_core.o [1]
OS_MemInit              0x08002cf5   0x52  Code  Gb  os_mem.o [1]
OS_QInit                0x08002f55   0x4e  Code  Gb  os_q.o [1]
OS_Sched                0x08002707   0x5c  Code  Gb  os_core.o [1]
OS_SchedNew             0x08002763   0x20  Code  Lc  os_core.o [1]
OS_TCBInit              0x08002889  0x17a  Code  Gb  os_core.o [1]
OS_TaskIdle             0x08002789   0x22  Code  Gb  os_core.o [1]
OS_TaskReturn           0x080038eb   0x12  Code  Gb  os_task.o [1]
OS_TaskStat             0x080027ad   0x8e  Code  Gb  os_core.o [1]
OS_TaskStatStkChk       0x08002845   0x44  Code  Gb  os_core.o [1]
OS_TaskStkClr           0x08003929   0x18  Code  Gb  os_task.o [1]
ProcessReceiveUART2Char
                        0x0800466d    0x2  Code  Gb  user_uart.o [1]
ProcessReceiveUART3Char
                        0x0800466f    0x2  Code  Gb  user_uart.o [1]
ProcessUart2Data        0x080049cf    0x6  Code  Gb  MyTask.o [1]
Qsem                    0x200021dc    0x4  Data  Gb  MyTask.o [1]
RCC_APB1PeriphClockCmd  0x08003df3   0x1e  Code  Gb  stm32f10x_rcc.o [1]
RCC_APB2PeriphClockCmd  0x08003dd5   0x1e  Code  Gb  stm32f10x_rcc.o [1]
RCC_DeInit              0x08003af9   0x5e  Code  Gb  stm32f10x_rcc.o [1]
RCC_GetClocksFreq       0x08003c81  0x154  Code  Gb  stm32f10x_rcc.o [1]
RCC_GetFlagStatus       0x08003e11   0x50  Code  Gb  stm32f10x_rcc.o [1]
RCC_GetSYSCLKSource     0x08003c2b    0xc  Code  Gb  stm32f10x_rcc.o [1]
RCC_HCLKConfig          0x08003c37   0x18  Code  Gb  stm32f10x_rcc.o [1]
RCC_HSEConfig           0x08003b57   0x56  Code  Gb  stm32f10x_rcc.o [1]
RCC_PCLK1Config         0x08003c4f   0x18  Code  Gb  stm32f10x_rcc.o [1]
RCC_PCLK2Config         0x08003c67   0x1a  Code  Gb  stm32f10x_rcc.o [1]
RCC_PLL1Cmd             0x08003c09    0xa  Code  Gb  stm32f10x_rcc.o [1]
RCC_PLL1Config          0x08003bed   0x1c  Code  Gb  stm32f10x_rcc.o [1]
RCC_SYSCLKConfig        0x08003c13   0x18  Code  Gb  stm32f10x_rcc.o [1]
RCC_WaitForHSEStartUp   0x08003bad   0x40  Code  Gb  stm32f10x_rcc.o [1]
Region$$Table$$Base     0x08004ffc          --   Gb  - Linker created -
Region$$Table$$Limit    0x08005028          --   Gb  - Linker created -
SendBuf                 0x20002194   0x34  Data  Gb  MyTask.o [1]
SysTick_CLKSourceConfig
                        0x08004ed5   0x20  Code  Gb  stm32f10x_systick.o [1]
SysTick_CounterCmd      0x08004efb   0x2e  Code  Gb  stm32f10x_systick.o [1]
SysTick_ITConfig        0x08004f29   0x22  Code  Gb  stm32f10x_systick.o [1]
SysTick_SetReload       0x08004ef5    0x6  Code  Gb  stm32f10x_systick.o [1]
Task_Uart2_Rec          0x08004939   0x4a  Code  Gb  MyTask.o [1]
Task_Uart2_Rec_Stk      0x200010b4  0x200  Data  Gb  MyTask.o [1]
Task_Uart3_Rec          0x08004985   0x4a  Code  Gb  MyTask.o [1]
Task_Uart3_Rec_Stk      0x200012b4  0x200  Data  Gb  MyTask.o [1]
USART2_ISR_Handler      0x080045d7   0x3c  Code  Gb  user_uart.o [1]
USART2_Init             0x080044e1   0x86  Code  Gb  user_uart.o [1]
USART3_ISR_Handler      0x08004613   0x3c  Code  Gb  user_uart.o [1]
USART3_Init             0x08004567   0x70  Code  Gb  user_uart.o [1]
USART_Cmd               0x08004871   0x1c  Code  Gb  stm32f10x_usart.o [1]
USART_ITConfig          0x0800488d   0x4e  Code  Gb  stm32f10x_usart.o [1]
USART_Init              0x080047ad   0xc0  Code  Gb  stm32f10x_usart.o [1]
_EncodingSb_Mbtowc      0x08001eab   0x30  Code  Gb  xencoding_sb.o [3]
_EncodingSb_Wctomb      0x08001e91   0x1a  Code  Gb  xencoding_sb.o [3]
_GenldFull              0x0800100b  0x24c  Code  Lc  xprintffull.o [3]
_IsdstStr               0x2000008c    0x4  Data  Gb  setlocale.o [3]
_LdtobFull              0x08000c09  0x3fc  Code  Lc  xprintffull.o [3]
_LitobFull              0x08000b01  0x106  Code  Lc  xprintffull.o [3]
_LocaleEncoding         0x08001e7d    0xe  Code  Gb  setlocale.o [3]
_LocaleReturnString     0x200000ac   0x50  Data  Lc  setlocale.o [3]
_Locale_Profile         0x20000090   0x1c  Data  Gb  setlocale.o [3]
_Locale_aeabi_lconv     0x20000050   0x38  Data  Gb  localeconv.o [3]
_Locale_lconv           0x20000000   0x50  Data  Gb  localeconv.o [3]
_Mbtowc                 0x0800129f   0x20  Code  Gb  xmbtowc.o [3]
_PrintfFull             0x08000151  0x618  Code  Gb  xprintffull.o [3]
_PutcharsFull           0x08001257   0x2e  Code  Lc  xprintffull.o [3]
_PutstrFull             0x080007ef  0x30c  Code  Lc  xprintffull.o [3]
_Random                 0x2000222c    0x4  Data  Lc  user_uart.o [1]
_SProut                 0x0800133b    0xa  Code  Gb  xsprout.o [3]
_TzoneStr               0x20000088    0x4  Data  Gb  setlocale.o [3]
_Wctomb                 0x08001459   0x1a  Code  Gb  xwctomb.o [3]
__BASEPRICONFIG         0x08004fbf         Code  Gb  cortexm3_macro.o [1]
__DMB                   0x08004f71         Code  Gb  cortexm3_macro.o [1]
__DSB                   0x08004f6b         Code  Gb  cortexm3_macro.o [1]
__GetBASEPRI            0x08004fc5         Code  Gb  cortexm3_macro.o [1]
__ISB                   0x08004f65         Code  Gb  cortexm3_macro.o [1]
__MRS_CONTROL           0x08004f7b         Code  Gb  cortexm3_macro.o [1]
__MRS_MSP               0x08004f97         Code  Gb  cortexm3_macro.o [1]
__MRS_PSP               0x08004f8b         Code  Gb  cortexm3_macro.o [1]
__MSR_CONTROL           0x08004f81         Code  Gb  cortexm3_macro.o [1]
__MSR_MSP               0x08004f9d         Code  Gb  cortexm3_macro.o [1]
__MSR_PSP               0x08004f91         Code  Gb  cortexm3_macro.o [1]
__READ_FAULTMASK        0x08004fb9         Code  Gb  cortexm3_macro.o [1]
__READ_PRIMASK          0x08004fab         Code  Gb  cortexm3_macro.o [1]
__RESETFAULTMASK        0x08004fb1         Code  Gb  cortexm3_macro.o [1]
__RESETPRIMASK          0x08004fa3         Code  Gb  cortexm3_macro.o [1]
__REV_HalfWord          0x08004fcb         Code  Gb  cortexm3_macro.o [1]
__REV_Word              0x08004fcf         Code  Gb  cortexm3_macro.o [1]
__SETFAULTMASK          0x08004fb5         Code  Gb  cortexm3_macro.o [1]
__SETPRIMASK            0x08004fa7         Code  Gb  cortexm3_macro.o [1]
__SEV                   0x08004f61         Code  Gb  cortexm3_macro.o [1]
__SVC                   0x08004f77         Code  Gb  cortexm3_macro.o [1]
__WFE                   0x08004f5d         Code  Gb  cortexm3_macro.o [1]
__WFI                   0x08004f59         Code  Gb  cortexm3_macro.o [1]
__aeabi_cdcmple         0x0800169d         Code  Gb  DblCmpLe.o [4]
__aeabi_cdrcmple        0x080016cd         Code  Gb  DblCmpGe.o [4]
__aeabi_d2iz            0x0800180d         Code  Gb  DblToI32.o [4]
__aeabi_d2uiz           0x08001839         Code  Gb  DblToI32.o [4]
__aeabi_ddiv            0x08001bb9         Code  Gb  DblDiv.o [4]
__aeabi_dmul            0x08001a15         Code  Gb  DblMul.o [4]
__aeabi_dsub            0x08001895         Code  Gb  DblSub.o [4]
__aeabi_i2d             0x08001865         Code  Gb  I32ToDbl.o [4]
__aeabi_ldiv0           0x08001f1d         Code  Gb  I64DivZer.o [5]
__aeabi_ui2d            0x08001879         Code  Gb  I32ToDbl.o [4]
__aeabi_uldivmod        0x0800156d         Code  Gb  I64DivMod.o [5]
__cmain                 0x08005029         Code  Gb  cmain.o [5]
__data_Aldata           0x200021d0    0x8  Data  Gb  xxmemxmalloc.o [3]
__data_GetMemChunk      0x08001ef1   0x2c  Code  Gb  xgetmemchunk.o [3]
__exit                  0x08004e3d   0x14  Code  Gb  exit.o [6]
__iar_Dnorm             0x0800165b   0x42  Code  Gb  xdnorm.o [4]
__iar_Dscale            0x080016fd  0x110  Code  Gb  xdscale.o [4]
__iar_Locale_lconv_init
                        0x08001e01   0x3a  Code  Gb  localeconv.o [3]
__iar_Mbcurmax          0x0800139d    0xa  Code  Gb  xmbcurmax.o [3]
__iar_Memchr            0x08001345         Code  Gb  memchr.o [5]
__iar_Strchr            0x080012e1         Code  Gb  strchr.o [5]
__iar_d2uiz             0x08001845         Code  Gb  DblToI32.o [4]
__iar_dadd              0x08001f21         Code  Gb  DblAdd.o [4]
__iar_data_init3        0x08004fd5   0x28  Code  Gb  data_init.o [5]
__iar_dlib_perthread_access
                        0x08001ff5    0x2  Code  Gb  xtls.o [3]
__iar_dsub              0x080018a9         Code  Gb  DblSub.o [4]
__iar_dsubStart         0x080018bb         Code  Gb  DblSub.o [4]
__iar_packbits_init3    0x08004d87   0xb0  Code  Gb  packbits_init.o [5]
__iar_program_start     0x080050a9         Code  Gb  cstartup_M.o [5]
__iar_ui2d              0x0800187d         Code  Gb  I32ToDbl.o [4]
__iar_unaligned___aeabi_memcpy
                        0x08001475         Code  Gb  ABImemcpy_unaligned.o [5]
__iar_unaligned___aeabi_memcpy4
                        0x08001495         Code  Gb  ABImemcpy_unaligned.o [5]
__iar_unaligned___aeabi_memcpy8
                        0x08001495         Code  Gb  ABImemcpy_unaligned.o [5]
__iar_zero_init3        0x080012bf   0x22  Code  Gb  zero_init3.o [5]
__low_level_init        0x08005043    0x4  Code  Gb  low_level_init.o [3]
__vector_table          0x08000000  0x150  Data  Gb  app_vect.o [1]
_call_main              0x08005035         Code  Gb  cmain.o [5]
_exit                   0x0800504d         Code  Gb  cexit.o [5]
_main                   0x0800503f         Code  Gb  cmain.o [5]
abort                   0x08004e37    0x6  Code  Gb  abort.o [3]
div                     0x08001e6d    0xe  Code  Gb  div.o [3]
exit                    0x08005047    0x4  Code  Gb  exit.o [3]
free                    0x080014ed   0x7a  Code  Gb  xxmemxfree.o [3]
iwdg_init               0x080049d5   0x2e  Code  Gb  MyTask.o [1]
localeconv              0x08001e3b   0x16  Code  Gb  localeconv.o [3]
main                    0x08004e51   0x26  Code  Gb  app.o [1]
malloc                  0x080013a9   0xac  Code  Gb  xxmemxmalloc.o [3]
memchr                  0x08001345         Code  Gb  memchr.o [5]
sprintf                 0x08004a35   0x34  Code  Gb  sprintf.o [3]
strchr                  0x080012e1         Code  Gb  strchr.o [5]
strlen                  0x08001305         Code  Gb  strlen.o [5]


[1] = K:\项目跟踪\梦想之花\PROGRAM\uCOSII-2.9\IAR\APP\Flash\Obj
[2] = command line
[3] = dl7M_tlf.a
[4] = m7M_tl.a
[5] = rt7M_tl.a
[6] = shb_l.a

  19 908 bytes of readonly  code memory
     844 bytes of readonly  data memory
  13 892 bytes of readwrite data memory

Errors: none
Warnings: none
